Partition Merge report for PWM
Wed Nov 09 09:41:28 2022
Quartus Prime Version 18.0.0 Build 614 04/24/2018 SJ Lite Edition


---------------------
; Table of Contents ;
---------------------
  1. Legal Notice
  2. Partition Merge Summary
  3. Partition Merge Netlist Types Used
  4. Partition Merge Partition Statistics
  5. Partition Merge Partition Pin Processing
  6. Partition Merge Resource Usage Summary
  7. Partition Merge Messages



----------------
; Legal Notice ;
----------------
Copyright (C) 2018  Intel Corporation. All rights reserved.
Your use of Intel Corporation's design tools, logic functions 
and other software and tools, and its AMPP partner logic 
functions, and any output files from any of the foregoing 
(including device programming or simulation files), and any 
associated documentation or information are expressly subject 
to the terms and conditions of the Intel Program License 
Subscription Agreement, the Intel Quartus Prime License Agreement,
the Intel FPGA IP License Agreement, or other applicable license
agreement, including, without limitation, that your use is for
the sole purpose of programming logic devices manufactured by
Intel and sold by Intel or its authorized distributors.  Please
refer to the applicable agreement for further details.



+----------------------------------------------------------------------------------+
; Partition Merge Summary                                                          ;
+------------------------------------+---------------------------------------------+
; Partition Merge Status             ; Successful - Wed Nov 09 09:41:28 2022       ;
; Quartus Prime Version              ; 18.0.0 Build 614 04/24/2018 SJ Lite Edition ;
; Revision Name                      ; PWM                                         ;
; Top-level Entity Name              ; PWM                                         ;
; Family                             ; Cyclone IV E                                ;
; Total logic elements               ; 24                                          ;
;     Total combinational functions  ; 24                                          ;
;     Dedicated logic registers      ; 8                                           ;
; Total registers                    ; 8                                           ;
; Total pins                         ; 18                                          ;
; Total virtual pins                 ; 0                                           ;
; Total memory bits                  ; 0                                           ;
; Embedded Multiplier 9-bit elements ; 0                                           ;
; Total PLLs                         ; 0                                           ;
+------------------------------------+---------------------------------------------+


+-------------------------------------------------------------------------------------------------------------------------------+
; Partition Merge Netlist Types Used                                                                                            ;
+--------------------------------+----------------+-------------------+------------------------+--------------------------------+
; Partition Name                 ; Partition Type ; Netlist Type Used ; Netlist Type Requested ; Partition Contents             ;
+--------------------------------+----------------+-------------------+------------------------+--------------------------------+
; Top                            ; User-created   ; Source File       ; Source File            ;                                ;
; hard_block:auto_generated_inst ; Auto-generated ; Source File       ; Source File            ; hard_block:auto_generated_inst ;
+--------------------------------+----------------+-------------------+------------------------+--------------------------------+


+------------------------------------------------------------------------------------+
; Partition Merge Partition Statistics                                               ;
+---------------------------------------------+-----+--------------------------------+
; Statistic                                   ; Top ; hard_block:auto_generated_inst ;
+---------------------------------------------+-----+--------------------------------+
; Estimated Total logic elements              ; 24  ; 0                              ;
;                                             ;     ;                                ;
; Total combinational functions               ; 24  ; 0                              ;
; Logic element usage by number of LUT inputs ;     ;                                ;
;     -- 4 input functions                    ; 0   ; 0                              ;
;     -- 3 input functions                    ; 14  ; 0                              ;
;     -- <=2 input functions                  ; 10  ; 0                              ;
;                                             ;     ;                                ;
; Logic elements by mode                      ;     ;                                ;
;     -- normal mode                          ; 3   ; 0                              ;
;     -- arithmetic mode                      ; 21  ; 0                              ;
;                                             ;     ;                                ;
; Total registers                             ; 8   ; 0                              ;
;     -- Dedicated logic registers            ; 8   ; 0                              ;
;     -- I/O registers                        ; 0   ; 0                              ;
;                                             ;     ;                                ;
; Virtual pins                                ; 0   ; 0                              ;
; I/O pins                                    ; 18  ; 0                              ;
; Embedded Multiplier 9-bit elements          ; 0   ; 0                              ;
; Total memory bits                           ; 0   ; 0                              ;
; Total RAM block bits                        ; 0   ; 0                              ;
;                                             ;     ;                                ;
; Connections                                 ;     ;                                ;
;     -- Input Connections                    ; 0   ; 0                              ;
;     -- Registered Input Connections         ; 0   ; 0                              ;
;     -- Output Connections                   ; 0   ; 0                              ;
;     -- Registered Output Connections        ; 0   ; 0                              ;
;                                             ;     ;                                ;
; Internal Connections                        ;     ;                                ;
;     -- Total Connections                    ; 104 ; 0                              ;
;     -- Registered Connections               ; 24  ; 0                              ;
;                                             ;     ;                                ;
; External Connections                        ;     ;                                ;
;     -- Top                                  ; 0   ; 0                              ;
;     -- hard_block:auto_generated_inst       ; 0   ; 0                              ;
;                                             ;     ;                                ;
; Partition Interface                         ;     ;                                ;
;     -- Input Ports                          ; 17  ; 0                              ;
;     -- Output Ports                         ; 1   ; 0                              ;
;     -- Bidir Ports                          ; 0   ; 0                              ;
;                                             ;     ;                                ;
; Registered Ports                            ;     ;                                ;
;     -- Registered Input Ports               ; 0   ; 0                              ;
;     -- Registered Output Ports              ; 0   ; 0                              ;
;                                             ;     ;                                ;
; Port Connectivity                           ;     ;                                ;
;     -- Input Ports driven by GND            ; 0   ; 0                              ;
;     -- Output Ports driven by GND           ; 0   ; 0                              ;
;     -- Input Ports driven by VCC            ; 0   ; 0                              ;
;     -- Output Ports driven by VCC           ; 0   ; 0                              ;
;     -- Input Ports with no Source           ; 0   ; 0                              ;
;     -- Output Ports with no Source          ; 0   ; 0                              ;
;     -- Input Ports with no Fanout           ; 0   ; 0                              ;
;     -- Output Ports with no Fanout          ; 0   ; 0                              ;
+---------------------------------------------+-----+--------------------------------+
Note: Resource usage numbers presented for Partitions containing post-synthesis logic are estimates.  For Partitions containing post-fit logic, resource usage numbers are accurate based on previous placement information.  Actual Fitter results may vary depending on current Fitter Preservation Level assignments.


+---------------------------------------------------------------------------------+
; Partition Merge Partition Pin Processing                                        ;
+----------------------------+-----------+---------------+----------+-------------+
; Name                       ; Partition ; Type          ; Location ; Status      ;
+----------------------------+-----------+---------------+----------+-------------+
; clk                        ; Top       ; Input Port    ; n/a      ;             ;
;     -- clk                 ; Top       ; Input Pad     ; Unplaced ; Synthesized ;
;     -- clk~input           ; Top       ; Input Buffer  ; Unplaced ; Synthesized ;
;                            ;           ;               ;          ;             ;
; pwm                        ; Top       ; Output Port   ; n/a      ;             ;
;     -- pwm                 ; Top       ; Output Pad    ; Unplaced ; Synthesized ;
;     -- pwm~output          ; Top       ; Output Buffer ; Unplaced ; Synthesized ;
;                            ;           ;               ;          ;             ;
; pwm_duty[0]                ; Top       ; Input Port    ; n/a      ;             ;
;     -- pwm_duty[0]         ; Top       ; Input Pad     ; Unplaced ; Synthesized ;
;     -- pwm_duty[0]~input   ; Top       ; Input Buffer  ; Unplaced ; Synthesized ;
;                            ;           ;               ;          ;             ;
; pwm_duty[1]                ; Top       ; Input Port    ; n/a      ;             ;
;     -- pwm_duty[1]         ; Top       ; Input Pad     ; Unplaced ; Synthesized ;
;     -- pwm_duty[1]~input   ; Top       ; Input Buffer  ; Unplaced ; Synthesized ;
;                            ;           ;               ;          ;             ;
; pwm_duty[2]                ; Top       ; Input Port    ; n/a      ;             ;
;     -- pwm_duty[2]         ; Top       ; Input Pad     ; Unplaced ; Synthesized ;
;     -- pwm_duty[2]~input   ; Top       ; Input Buffer  ; Unplaced ; Synthesized ;
;                            ;           ;               ;          ;             ;
; pwm_duty[3]                ; Top       ; Input Port    ; n/a      ;             ;
;     -- pwm_duty[3]         ; Top       ; Input Pad     ; Unplaced ; Synthesized ;
;     -- pwm_duty[3]~input   ; Top       ; Input Buffer  ; Unplaced ; Synthesized ;
;                            ;           ;               ;          ;             ;
; pwm_duty[4]                ; Top       ; Input Port    ; n/a      ;             ;
;     -- pwm_duty[4]         ; Top       ; Input Pad     ; Unplaced ; Synthesized ;
;     -- pwm_duty[4]~input   ; Top       ; Input Buffer  ; Unplaced ; Synthesized ;
;                            ;           ;               ;          ;             ;
; pwm_duty[5]                ; Top       ; Input Port    ; n/a      ;             ;
;     -- pwm_duty[5]         ; Top       ; Input Pad     ; Unplaced ; Synthesized ;
;     -- pwm_duty[5]~input   ; Top       ; Input Buffer  ; Unplaced ; Synthesized ;
;                            ;           ;               ;          ;             ;
; pwm_duty[6]                ; Top       ; Input Port    ; n/a      ;             ;
;     -- pwm_duty[6]         ; Top       ; Input Pad     ; Unplaced ; Synthesized ;
;     -- pwm_duty[6]~input   ; Top       ; Input Buffer  ; Unplaced ; Synthesized ;
;                            ;           ;               ;          ;             ;
; pwm_duty[7]                ; Top       ; Input Port    ; n/a      ;             ;
;     -- pwm_duty[7]         ; Top       ; Input Pad     ; Unplaced ; Synthesized ;
;     -- pwm_duty[7]~input   ; Top       ; Input Buffer  ; Unplaced ; Synthesized ;
;                            ;           ;               ;          ;             ;
; pwm_period[0]              ; Top       ; Input Port    ; n/a      ;             ;
;     -- pwm_period[0]       ; Top       ; Input Pad     ; Unplaced ; Synthesized ;
;     -- pwm_period[0]~input ; Top       ; Input Buffer  ; Unplaced ; Synthesized ;
;                            ;           ;               ;          ;             ;
; pwm_period[1]              ; Top       ; Input Port    ; n/a      ;             ;
;     -- pwm_period[1]       ; Top       ; Input Pad     ; Unplaced ; Synthesized ;
;     -- pwm_period[1]~input ; Top       ; Input Buffer  ; Unplaced ; Synthesized ;
;                            ;           ;               ;          ;             ;
; pwm_period[2]              ; Top       ; Input Port    ; n/a      ;             ;
;     -- pwm_period[2]       ; Top       ; Input Pad     ; Unplaced ; Synthesized ;
;     -- pwm_period[2]~input ; Top       ; Input Buffer  ; Unplaced ; Synthesized ;
;                            ;           ;               ;          ;             ;
; pwm_period[3]              ; Top       ; Input Port    ; n/a      ;             ;
;     -- pwm_period[3]       ; Top       ; Input Pad     ; Unplaced ; Synthesized ;
;     -- pwm_period[3]~input ; Top       ; Input Buffer  ; Unplaced ; Synthesized ;
;                            ;           ;               ;          ;             ;
; pwm_period[4]              ; Top       ; Input Port    ; n/a      ;             ;
;     -- pwm_period[4]       ; Top       ; Input Pad     ; Unplaced ; Synthesized ;
;     -- pwm_period[4]~input ; Top       ; Input Buffer  ; Unplaced ; Synthesized ;
;                            ;           ;               ;          ;             ;
; pwm_period[5]              ; Top       ; Input Port    ; n/a      ;             ;
;     -- pwm_period[5]       ; Top       ; Input Pad     ; Unplaced ; Synthesized ;
;     -- pwm_period[5]~input ; Top       ; Input Buffer  ; Unplaced ; Synthesized ;
;                            ;           ;               ;          ;             ;
; pwm_period[6]              ; Top       ; Input Port    ; n/a      ;             ;
;     -- pwm_period[6]       ; Top       ; Input Pad     ; Unplaced ; Synthesized ;
;     -- pwm_period[6]~input ; Top       ; Input Buffer  ; Unplaced ; Synthesized ;
;                            ;           ;               ;          ;             ;
; pwm_period[7]              ; Top       ; Input Port    ; n/a      ;             ;
;     -- pwm_period[7]       ; Top       ; Input Pad     ; Unplaced ; Synthesized ;
;     -- pwm_period[7]~input ; Top       ; Input Buffer  ; Unplaced ; Synthesized ;
;                            ;           ;               ;          ;             ;
+----------------------------+-----------+---------------+----------+-------------+


+------------------------------------------------------------------------------------------------+
; Partition Merge Resource Usage Summary                                                         ;
+---------------------------------------------+--------------------------------------------------+
; Resource                                    ; Usage                                            ;
+---------------------------------------------+--------------------------------------------------+
; Estimated Total logic elements              ; 24                                               ;
;                                             ;                                                  ;
; Total combinational functions               ; 24                                               ;
; Logic element usage by number of LUT inputs ;                                                  ;
;     -- 4 input functions                    ; 0                                                ;
;     -- 3 input functions                    ; 14                                               ;
;     -- <=2 input functions                  ; 10                                               ;
;                                             ;                                                  ;
; Logic elements by mode                      ;                                                  ;
;     -- normal mode                          ; 3                                                ;
;     -- arithmetic mode                      ; 21                                               ;
;                                             ;                                                  ;
; Total registers                             ; 8                                                ;
;     -- Dedicated logic registers            ; 8                                                ;
;     -- I/O registers                        ; 0                                                ;
;                                             ;                                                  ;
; I/O pins                                    ; 18                                               ;
;                                             ;                                                  ;
; Embedded Multiplier 9-bit elements          ; 0                                                ;
;                                             ;                                                  ;
; Maximum fan-out node                        ; Comparator_sup_8bits:Comparator_sup|LessThan0~14 ;
; Maximum fan-out                             ; 8                                                ;
; Total fan-out                               ; 104                                              ;
; Average fan-out                             ; 1.53                                             ;
+---------------------------------------------+--------------------------------------------------+


+--------------------------+
; Partition Merge Messages ;
+--------------------------+
Info: *******************************************************************
Info: Running Quartus Prime Partition Merge
    Info: Version 18.0.0 Build 614 04/24/2018 SJ Lite Edition
    Info: Processing started: Wed Nov 09 09:41:28 2022
Info: Command: quartus_cdb --read_settings_files=on --write_settings_files=off PWM -c PWM --merge=on
Warning (18236): Number of processors has not been specified which may cause overloading on shared machines.  Set the global assignment NUM_PARALLEL_PROCESSORS in your QSF to an appropriate value for best performance.
Info (35007): Using synthesis netlist for partition "Top"
Info (35002): Resolved and merged 1 partition(s)
Info (16010): Generating hard_block partition "hard_block:auto_generated_inst"
    Info (16011): Adding 0 node(s), including 0 DDIO, 0 PLL, 0 transceiver and 0 LCELL
Info (21057): Implemented 42 device resources after synthesis - the final resource count might be different
    Info (21058): Implemented 17 input pins
    Info (21059): Implemented 1 output pins
    Info (21061): Implemented 24 logic cells
Info: Quartus Prime Partition Merge was successful. 0 errors, 1 warning
    Info: Peak virtual memory: 4685 megabytes
    Info: Processing ended: Wed Nov 09 09:41:28 2022
    Info: Elapsed time: 00:00:00
    Info: Total CPU time (on all processors): 00:00:00


